// Jest Snapshot v1, https://goo.gl/fbAQLP

exports[`Home page should render correctly 1`] = `
<div
  className="d-flex align-items-center justify-content-center col-md-10"
  data-testid="homePage"
  id="homePage"
>
  <div
    data-testid="welcome"
    id="welcome"
  >
    Welcome
  </div>
</div>
`;
